# Umbrella feature that includes all other AWS Toolkit features
feature@com.amazonaws.eclipse.feature=SVN,,http://aws-eclipse.svn.sourceforge.net/svnroot,aws-eclipse,features/com.amazonaws.eclipse.feature

# com.amazonaws.eclipse.core plugins and feature
plugin@com.amazonaws.eclipse.core=SVN,,http://aws-eclipse.svn.sourceforge.net/svnroot,aws-eclipse,plugins/com.amazonaws.eclipse.core
feature@com.amazonaws.eclipse.core.feature=SVN,,http://aws-eclipse.svn.sourceforge.net/svnroot,aws-eclipse,features/com.amazonaws.eclipse.core.feature

# com.amazonaws.eclipse.ec2 plugins and feature
plugin@com.amazonaws.eclipse.ec2=SVN,,http://aws-eclipse.svn.sourceforge.net/svnroot,aws-eclipse,plugins/com.amazonaws.eclipse.ec2
feature@com.amazonaws.eclipse.ec2=SVN,,http://aws-eclipse.svn.sourceforge.net/svnroot,aws-eclipse,features/com.amazonaws.eclipse.ec2.feature

# com.amazonaws.eclipse.datatools plugins and feature
plugin@com.amazonaws.eclipse.datatools.enablement.simpledb=SVN,,http://aws-eclipse.svn.sourceforge.net/svnroot,aws-eclipse,plugins/com.amazonaws.eclipse.datatools.enablement.simpledb
plugin@com.amazonaws.eclipse.datatools.enablement.simpledb.dbdefinition=SVN,,http://aws-eclipse.svn.sourceforge.net/svnroot,aws-eclipse,plugins/com.amazonaws.eclipse.datatools.enablement.simpledb.dbdefinition
plugin@com.amazonaws.eclipse.datatools.enablement.simpledb.editor.ui=SVN,,http://aws-eclipse.svn.sourceforge.net/svnroot,aws-eclipse,plugins/com.amazonaws.eclipse.datatools.enablement.simpledb.editor.ui
plugin@com.amazonaws.eclipse.datatools.enablement.simpledb.ui=SVN,,http://aws-eclipse.svn.sourceforge.net/svnroot,aws-eclipse,plugins/com.amazonaws.eclipse.datatools.enablement.simpledb.ui
plugin@com.amazonaws.eclipse.datatools.sqltools.db.simpledb=SVN,,http://aws-eclipse.svn.sourceforge.net/svnroot,aws-eclipse,plugins/com.amazonaws.eclipse.datatools.sqltools.db.simpledb
plugin@com.amazonaws.eclipse.datatools.sqltools.tablewizard.simpledb=SVN,,http://aws-eclipse.svn.sourceforge.net/svnroot,aws-eclipse,plugins/com.amazonaws.eclipse.datatools.sqltools.tablewizard.simpledb
feature@com.amazonaws.eclipse.datatools.enablement.simpledb.feature=SVN,,http://aws-eclipse.svn.sourceforge.net/svnroot,aws-eclipse,features/com.amazonaws.eclipse.datatools.enablement.simpledb.feature
