# Umbrella feature that includes all other AWS Toolkit features
feature@com.amazonaws.eclipse.test.feature=SVN,,http://aws-eclipse.svn.sourceforge.net/svnroot,aws-eclipse,features/com.amazonaws.eclipse.test.feature

# test dependencies
plugin@org.eclipse.test=v20080313,:pserver:anonymous@dev.eclipse.org:/cvsroot/eclipse,
fragment@org.eclipse.ant.optional.junit=v20070202,:pserver:anonymous@dev.eclipse.org:/cvsroot/eclipse

# com.amazonaws.eclipse.datatools test fragments and feature
feature@com.amazonaws.eclipse.datatools.test.feature=SVN,,http://aws-eclipse.svn.sourceforge.net/svnroot,aws-eclipse,features/com.amazonaws.eclipse.datatools.test.feature
fragment@com.amazonaws.eclipse.datatools.enablement.simpledb.editor.test=SVN,,http://aws-eclipse.svn.sourceforge.net/svnroot,aws-eclipse,tests/com.amazonaws.eclipse.datatools.enablement.simpledb.editor.test
fragment@com.amazonaws.eclipse.datatools.enablement.simpledb.test=SVN,,http://aws-eclipse.svn.sourceforge.net/svnroot,aws-eclipse,tests/com.amazonaws.eclipse.datatools.enablement.simpledb.test
